→ build 비환자(decks+handouts, --strict) --only decks:glp1-blood-pressure-clinician
⚠️  부분 빌드: 1/172 타깃만 (인자 없이 실행=전량). kinds=['decks']
  ⚠️  decks/glp1-blood-pressure-clinician: house-style advisory [deck_tile_min_count] deck: tile 블록 0개 < 6
  ⚠️  decks/glp1-blood-pressure-clinician: house-style advisory [deck_visual_count] deck: ai-visual 0장 < 4
  ⚠️  decks/glp1-blood-pressure-clinician: house-style advisory [v1_thin_body] deck: 본문이 얇은 슬라이드 #2(0자)
  ⚠️  decks/glp1-blood-pressure-clinician: house-style advisory [v1_thin_body] deck: 본문이 얇은 슬라이드 #3(0자)
  ⚠️  decks/glp1-blood-pressure-clinician: house-style advisory [v1_thin_body] deck: 본문이 얇은 슬라이드 #4(0자)
  ⚠️  decks/glp1-blood-pressure-clinician: house-style advisory [v1_thin_body] deck: 본문이 얇은 슬라이드 #5(0자)
  ⚠️  decks/glp1-blood-pressure-clinician: house-style advisory [v1_thin_body] deck: 본문이 얇은 슬라이드 #6(0자)
  ⚠️  decks/glp1-blood-pressure-clinician: house-style advisory [v1_thin_body] deck: 본문이 얇은 슬라이드 #7(0자)
  ⚠️  decks/glp1-blood-pressure-clinician: house-style advisory [v1_thin_body] deck: 본문이 얇은 슬라이드 #8(0자)
  ⚠️  decks/glp1-blood-pressure-clinician: house-style advisory [v1_thin_body] deck: 본문이 얇은 슬라이드 #9(0자)
  ⚠️  decks/glp1-blood-pressure-clinician: house-style advisory [v1_thin_body] deck: 본문이 얇은 슬라이드 #10(0자)
  ⚠️  decks/glp1-blood-pressure-clinician: house-style advisory [v1_thin_body] deck: 본문이 얇은 슬라이드 #11(0자)
  ⚠️  decks/glp1-blood-pressure-clinician: house-style advisory [v1_thin_body] deck: 본문이 얇은 슬라이드 #12(0자)
  ⚠️  decks/glp1-blood-pressure-clinician: house-style advisory [v1_thin_body] deck: 본문이 얇은 슬라이드 #13(0자)
  ⚠️  decks/glp1-blood-pressure-clinician: house-style advisory [v1_thin_body] deck: 본문이 얇은 슬라이드 #14(0자)
  ⚠️  decks/glp1-blood-pressure-clinician: house-style advisory [deck_closing_template] deck: slide--closing 템플릿 권고가 없음
   · decks:glp1-blood-pressure-clinician

=== Build artifacts ===
  decks/abyss-betablocker-mi-preview.png: 2083.7 KB
  decks/abyss-betablocker-mi.pdf: 2126.7 KB
  decks/achieve3-oral-glp1-preview.png: 2372.5 KB
  decks/achieve3-oral-glp1.pdf: 2411.6 KB
  decks/acs-crc-screening-blood-test-2026-preview.png: 2646.5 KB
  decks/acs-crc-screening-blood-test-2026.pdf: 2246.5 KB
  decks/acute-gastroenteritis-diet-preview.png: 2196.5 KB
  decks/acute-gastroenteritis-diet.pdf: 2155.0 KB
  decks/advanced-lipid-biomarkers-preview.png: 2202.9 KB
  decks/advanced-lipid-biomarkers.pdf: 2175.1 KB
  decks/antihypertensive-classes-preview.png: 2376.1 KB
  decks/antihypertensive-classes.pdf: 1923.2 KB
  decks/antithrombotic-therapy-preview.png: 3430.0 KB
  decks/antithrombotic-therapy.pdf: 3288.8 KB
  decks/appendicitis-diverticulitis-preview.png: 2385.6 KB
  decks/appendicitis-diverticulitis.pdf: 2095.1 KB
  decks/asthma-preview.png: 2477.0 KB
  decks/asthma.pdf: 2531.4 KB
  decks/atrial-fibrillation-preview.png: 1744.1 KB
  decks/atrial-fibrillation.pdf: 1952.7 KB
  decks/atrophic-gastritis-preview.png: 2337.1 KB
  decks/atrophic-gastritis.pdf: 2278.5 KB
  decks/baxdrostat-baxhtn-preview.png: 2686.5 KB
  decks/baxdrostat-baxhtn.pdf: 2692.7 KB
  decks/bepirovirsen-hbv-phase3-preview.png: 2741.6 KB
  decks/bepirovirsen-hbv-phase3.pdf: 2468.5 KB
  decks/blood-circulation-agents-preview.png: 2451.9 KB
  decks/blood-circulation-agents.pdf: 2156.3 KB
  decks/body-composition-bia-preview.png: 2603.4 KB
  decks/body-composition-bia.pdf: 2664.3 KB
  decks/bowel-prep-low-volume-preview.png: 2152.1 KB
  decks/bowel-prep-low-volume.pdf: 2106.2 KB
  decks/calcium-vitamin-d-fracture-falls-bmj-preview.png: 2240.6 KB
  decks/calcium-vitamin-d-fracture-falls-bmj.pdf: 1965.7 KB
  decks/chest-pain-preview.png: 2433.1 KB
  decks/chest-pain.pdf: 2157.2 KB
  decks/chronic-constipation-preview.png: 2274.3 KB
  decks/chronic-constipation.pdf: 2210.7 KB
  decks/chronic-hepatitis-b-preview.png: 2720.6 KB
  decks/chronic-hepatitis-b.pdf: 2758.8 KB
  decks/chronic-urticaria-preview.png: 2338.0 KB
  decks/chronic-urticaria.pdf: 2172.6 KB
  decks/cpap-personalized-cv-preview.png: 2606.7 KB
  decks/cpap-personalized-cv.pdf: 3474.4 KB
  decks/diabetes-first-visit-preview.png: 1646.3 KB
  decks/diabetes-first-visit.pdf: 2254.5 KB
  decks/diabetes-mellitus-type2-preview.png: 2337.0 KB
  decks/diabetes-mellitus-type2.pdf: 2366.7 KB
  decks/digitalis-heart-failure-meta-rhd-rct-preview.png: 1854.6 KB
  decks/digitalis-heart-failure-meta-rhd-rct.pdf: 1894.8 KB
  decks/dm-intensive-bp-mace-preview.png: 2815.1 KB
  decks/dm-intensive-bp-mace.pdf: 6102.5 KB
  decks/dyslipidemia-preview.png: 2371.2 KB
  decks/dyslipidemia.pdf: 2193.4 KB
  decks/easo-obesity-pharmacotherapy-2026-preview.png: 2435.8 KB
  decks/easo-obesity-pharmacotherapy-2026.pdf: 2108.4 KB
  decks/endoscopy-cpr-training-preview.png: 2218.0 KB
  decks/endoscopy-cpr-training.pdf: 2091.5 KB
  decks/eye-cardiovascular-preview.png: 2281.5 KB
  decks/eye-cardiovascular.pdf: 2057.6 KB
  decks/finerenone-t1d-ckd-fine-one-preview.png: 2287.7 KB
  decks/finerenone-t1d-ckd-fine-one.pdf: 1952.2 KB
  decks/gerd-lifestyle-2026-preview.png: 2255.8 KB
  decks/gerd-lifestyle-2026.pdf: 2052.7 KB
  decks/gerd-preview.png: 2130.2 KB
  decks/gerd.pdf: 2077.6 KB
  decks/glp1-blood-pressure-clinician-preview.png: 1941.5 KB
  decks/glp1-blood-pressure-clinician.pdf: 1796.6 KB
  decks/glp1-week-01-start-preview.png: 1563.4 KB
  decks/glp1-week-01-start.pdf: 1194.0 KB
  decks/glp1-week-02-aerobic-preview.png: 1767.4 KB
  decks/glp1-week-02-aerobic.pdf: 1216.7 KB
  decks/glp1-week-03-strength-preview.png: 1758.5 KB
  decks/glp1-week-03-strength.pdf: 1200.1 KB
  decks/glp1-week-04-nutrition-preview.png: 1824.7 KB
  decks/glp1-week-04-nutrition.pdf: 1180.5 KB
  decks/glp1-week-05-gi-effects-preview.png: 1725.5 KB
  decks/glp1-week-05-gi-effects.pdf: 1161.6 KB
  decks/glp1-week-06-injection-preview.png: 1666.3 KB
  decks/glp1-week-06-injection.pdf: 1118.4 KB
  decks/glp1-week-07-safety-preview.png: 1673.5 KB
  decks/glp1-week-07-safety.pdf: 1143.2 KB
  decks/glp1-week-08-maintenance-preview.png: 1718.7 KB
  decks/glp1-week-08-maintenance.pdf: 1145.6 KB
  decks/gout-preview.png: 2601.5 KB
  decks/gout.pdf: 2356.5 KB
  decks/graves-disease-preview.png: 2640.0 KB
  decks/graves-disease.pdf: 10598.3 KB
  decks/herpes-zoster-preview.png: 2545.8 KB
  decks/herpes-zoster.pdf: 2262.5 KB
  decks/hiit-hepatitis-b-steatosis-preview.png: 1604.8 KB
  decks/hiit-hepatitis-b-steatosis.pdf: 1775.8 KB
  decks/hpylori-overview-preview.png: 2484.0 KB
  decks/hpylori-overview.pdf: 2321.5 KB
  decks/hpylori-preview.png: 2086.8 KB
  decks/hpylori.pdf: 2132.3 KB
  decks/htd1801-metformin-t2d-phase3-preview.png: 1824.0 KB
  decks/htd1801-metformin-t2d-phase3.pdf: 1948.4 KB
  decks/htn-2025-aha-acc-preview.png: 2226.8 KB
  decks/htn-2025-aha-acc.pdf: 2202.2 KB
  decks/hyperthyroidism-preview.png: 2514.6 KB
  decks/hyperthyroidism.pdf: 2131.2 KB
  decks/hypothyroidism-preview.png: 2349.3 KB
  decks/hypothyroidism.pdf: 2095.3 KB
  decks/ibs-preview.png: 2488.6 KB
  decks/ibs.pdf: 2202.5 KB
  decks/influenza-antivirals-preview.png: 2467.8 KB
  decks/influenza-antivirals.pdf: 2284.0 KB
  decks/iron-deficiency-anemia-preview.png: 2079.0 KB
  decks/iron-deficiency-anemia.pdf: 2296.8 KB
  decks/lp-a-cardiovascular-risk-preview.png: 1738.3 KB
  decks/lp-a-cardiovascular-risk.pdf: 1878.7 KB
  decks/lp-a-cv-risk-preview.png: 1518.8 KB
  decks/lp-a-cv-risk.pdf: 1655.7 KB
  decks/ltbi-overview-preview.png: 2507.9 KB
  decks/ltbi-overview.pdf: 2219.0 KB
  decks/ltbi-treatment-preview.png: 2192.5 KB
  decks/ltbi-treatment.pdf: 2215.9 KB
  decks/masld-ckd-coexistence-preview.png: 2864.4 KB
  decks/masld-ckd-coexistence.pdf: 3229.0 KB
  decks/masld-fatty-liver-preview.png: 2366.9 KB
  decks/masld-fatty-liver.pdf: 2512.6 KB
  decks/microscopic-hematuria-preview.png: 2392.1 KB
  decks/microscopic-hematuria.pdf: 2277.9 KB
  decks/migraine-diagnosis-preview.png: 2213.5 KB
  decks/migraine-diagnosis.pdf: 2119.1 KB
  decks/morning-htn-preview.png: 2744.3 KB
  decks/morning-htn.pdf: 2343.1 KB
  decks/mronj-clinician-preview.png: 6658.2 KB
  decks/mronj-clinician.pdf: 3435.3 KB
  decks/mronj-patient-preview.png: 2915.7 KB
  decks/mronj-patient.pdf: 1781.2 KB
  decks/nocturnal-leg-cramps-preview.png: 1997.8 KB
  decks/nocturnal-leg-cramps.pdf: 3138.2 KB
  decks/oh-management-2026-preview.png: 2377.4 KB
  decks/oh-management-2026.pdf: 2232.8 KB
  decks/older-adults-resistance-intensity-preview.png: 2495.8 KB
  decks/older-adults-resistance-intensity.pdf: 2856.0 KB
  decks/once-weekly-insulin-preview.png: 2579.5 KB
  decks/once-weekly-insulin.pdf: 2888.9 KB
  decks/osa-preview.png: 2509.3 KB
  decks/osa.pdf: 2342.3 KB
  decks/osteoporosis-preview.png: 2520.5 KB
  decks/osteoporosis.pdf: 2345.2 KB
  decks/pcsk9-oral-inhibitor-preview.png: 1495.0 KB
  decks/pcsk9-oral-inhibitor.pdf: 1796.6 KB
  decks/pediatric-abdominal-pain-diet-preview.png: 2311.0 KB
  decks/pediatric-abdominal-pain-diet.pdf: 2200.0 KB
  decks/pediatric-abdominal-pain-hypnotherapy-preview.png: 2321.5 KB
  decks/pft-interpretation-preview.png: 2231.4 KB
  decks/pft-interpretation.pdf: 2267.5 KB
  decks/pft-preview.png: 2494.6 KB
  decks/pft.pdf: 2280.0 KB
  decks/pm-fitline-ebm-preview.png: 3562.2 KB
  decks/pm-fitline-ebm.pdf: 8119.7 KB
  decks/pneumococcal-comparison-preview.png: 2545.9 KB
  decks/pneumococcal-comparison.pdf: 2161.4 KB
  decks/pneumococcal-preview.png: 2484.1 KB
  decks/pneumococcal-selection-preview.png: 1445.8 KB
  decks/pneumococcal-selection.pdf: 1712.0 KB
  decks/pneumococcal.pdf: 2135.5 KB
  decks/post-infectious-cough-preview.png: 2281.4 KB
  decks/post-infectious-cough.pdf: 2209.1 KB
  decks/post-polypectomy-preview.png: 2384.1 KB
  decks/post-polypectomy.pdf: 2200.8 KB
  decks/prediabetes-remission-preview.png: 2260.0 KB
  decks/prediabetes-remission.pdf: 2277.1 KB
  decks/prenatal-acetaminophen-autism-adhd-sibling-preview.png: 1852.4 KB
  decks/prenatal-acetaminophen-autism-adhd-sibling.pdf: 1938.5 KB
  decks/refractory-dyspepsia-preview.png: 2550.7 KB
  decks/refractory-dyspepsia.pdf: 2805.7 KB
  decks/roma-ovarian-risk-preview.png: 2698.0 KB
  decks/roma-ovarian-risk.pdf: 2778.8 KB
  decks/rsv-realworld-preview.png: 2580.3 KB
  decks/rsv-realworld.pdf: 2625.0 KB
  decks/sglt2-glp1-combo-preview.png: 2556.5 KB
  decks/sglt2-glp1-combo.pdf: 2536.5 KB
  decks/soy-legumes-htn-preview.png: 2435.1 KB
  decks/soy-legumes-htn.pdf: 2704.2 KB
  decks/statin-side-effects-preview.png: 2195.6 KB
  decks/statin-side-effects.pdf: 2025.5 KB
  decks/subacute-thyroiditis-preview.png: 2399.6 KB
  decks/subacute-thyroiditis.pdf: 2270.2 KB
  decks/surmount5-tirzepatide-vs-semaglutide-preview.png: 1612.1 KB
  decks/surmount5-tirzepatide-vs-semaglutide.pdf: 1983.2 KB
  decks/t1d-glp1-cardiorenal-preview.png: 1563.7 KB
  decks/t1d-glp1-cardiorenal.pdf: 1862.2 KB
  decks/teen-height-growth-preview.png: 3079.4 KB
  decks/teen-height-growth.pdf: 3885.2 KB
  decks/tirzepatide-dulaglutide-kidney-surpass-cvot-preview.png: 2005.4 KB
  decks/tirzepatide-dulaglutide-kidney-surpass-cvot.pdf: 2001.6 KB
  decks/tramadol-bmj-preview.png: 2637.3 KB
  decks/tramadol-bmj.pdf: 3186.9 KB
  decks/vasovagal-syncope-preview.png: 2516.4 KB
  decks/vasovagal-syncope.pdf: 2129.6 KB
  decks/vutrisiran-attr-cm-helios-b-preview.png: 1552.4 KB
  decks/vutrisiran-attr-cm-helios-b.pdf: 2006.4 KB
  decks/young-male-hyperhidrosis-preview.png: 2367.3 KB
  decks/young-male-hyperhidrosis.pdf: 2139.9 KB
  handouts/abdominal-pain-appendicitis-red-flags-preview.png: 1218.3 KB
  handouts/abdominal-pain-appendicitis-red-flags.pdf: 2578.2 KB
  handouts/abdominal-ultrasound-prep-preview.png: 824.1 KB
  handouts/abdominal-ultrasound-prep.pdf: 716.5 KB
  handouts/allergy-mast-preview.png: 1348.9 KB
  handouts/allergy-mast.pdf: 980.5 KB
  handouts/antihypertensive-strength-preview.png: 1238.5 KB
  handouts/antihypertensive-strength.pdf: 1450.4 KB
  handouts/antithrombotic-pre-endoscopy-preview.png: 744.7 KB
  handouts/antithrombotic-pre-endoscopy.pdf: 781.2 KB
  handouts/blood-draw-aftercare-preview.png: 910.7 KB
  handouts/blood-draw-aftercare.pdf: 755.9 KB
  handouts/blood-draw-prep-preview.png: 640.1 KB
  handouts/blood-draw-prep.pdf: 665.5 KB
  handouts/bone-density-prep-preview.png: 864.1 KB
  handouts/bone-density-prep.pdf: 689.3 KB
  handouts/bone-density-room-guide-preview.png: 955.5 KB
  handouts/bone-density-room-guide.pdf: 727.8 KB
  handouts/cgm-caresens365-preview.png: 1226.9 KB
  handouts/cgm-caresens365.pdf: 2667.7 KB
  handouts/checkup-prep-preview.png: 828.6 KB
  handouts/checkup-prep.pdf: 808.4 KB
  handouts/chronic-disease-intake-preview.png: 616.6 KB
  handouts/chronic-disease-intake.pdf: 503.8 KB
  handouts/cold-return-visit-preview.png: 958.1 KB
  handouts/cold-return-visit.pdf: 861.5 KB
  handouts/colonoscopy-prep-preview.png: 1675.7 KB
  handouts/colonoscopy-prep.pdf: 847.9 KB
  handouts/cpr-flowchart-preview.png: 738.6 KB
  handouts/cpr-flowchart.pdf: 836.4 KB
  handouts/crash-cart-checklist-preview.png: 717.0 KB
  handouts/crash-cart-checklist.pdf: 683.6 KB
  handouts/crash-cart-map-preview.png: 683.7 KB
  handouts/crash-cart-map.pdf: 701.7 KB
  handouts/creatine-guide-preview.png: 1673.1 KB
  handouts/creatine-guide.pdf: 1274.5 KB
  handouts/cvd-retinal-screening-preview.png: 1732.4 KB
  handouts/cvd-retinal-screening.pdf: 1058.4 KB
  handouts/cyclosporine-statin-ezetimibe-safety-preview.png: 638.9 KB
  handouts/cyclosporine-statin-ezetimibe-safety.pdf: 953.9 KB
  handouts/diabetes-diet-preview.png: 1310.3 KB
  handouts/diabetes-diet.pdf: 1271.2 KB
  handouts/diabetes-drug-strength-preview.png: 903.7 KB
  handouts/diabetes-drug-strength.pdf: 1236.4 KB
  handouts/diabetes-fruit-guide-preview.png: 822.0 KB
  handouts/diabetes-fruit-guide.pdf: 1470.0 KB
  handouts/diabetes-intake-preview.png: 689.8 KB
  handouts/diabetes-intake.pdf: 1652.6 KB
  handouts/dyslipidemia-diet-exercise-preview.png: 1366.6 KB
  handouts/dyslipidemia-diet-exercise.pdf: 1279.4 KB
  handouts/dyslipidemia-diet-preview.png: 1740.0 KB
  handouts/dyslipidemia-diet.pdf: 1284.2 KB
  handouts/egd-prep-preview.png: 1006.7 KB
  handouts/egd-prep.pdf: 895.2 KB
  handouts/egfr-proteinuria-preview.png: 672.4 KB
  handouts/egfr-proteinuria.pdf: 742.1 KB
  handouts/fasting-glucose-preview.png: 870.8 KB
  handouts/fasting-glucose.pdf: 683.6 KB
  handouts/fit-collection-preview.png: 587.4 KB
  handouts/fit-collection.pdf: 685.1 KB
  handouts/fit-positive-preview.png: 924.4 KB
  handouts/fit-positive.pdf: 898.0 KB
  handouts/gallbladder-polyp-followup-preview.png: 780.0 KB
  handouts/gallbladder-polyp-followup.pdf: 1007.1 KB
  handouts/gerd-lifestyle-2026-preview.png: 1223.1 KB
  handouts/gerd-lifestyle-2026.pdf: 1100.0 KB
  handouts/glp1-intake-preview.png: 765.0 KB
  handouts/glp1-intake.pdf: 858.0 KB
  handouts/glp1ra-pre-procedure-preview.png: 877.1 KB
  handouts/glp1ra-pre-procedure.pdf: 1032.7 KB
  handouts/gout-core-preview.png: 1515.2 KB
  handouts/gout-core.pdf: 1290.8 KB
  handouts/h-pylori-eradication-preview.png: 892.8 KB
  handouts/h-pylori-eradication.pdf: 860.8 KB
  handouts/hand-eczema-steroid-potency-preview.png: 949.6 KB
  handouts/hand-eczema-steroid-potency.pdf: 1830.8 KB
  handouts/home-bp-measurement-preview.png: 876.4 KB
  handouts/home-bp-measurement.pdf: 860.9 KB
  handouts/htn-why-start-preview.png: 684.8 KB
  handouts/htn-why-start.pdf: 910.3 KB
  handouts/hyperprolactinemia-protocol-preview.png: 667.1 KB
  handouts/hyperprolactinemia-protocol.pdf: 769.7 KB
  handouts/hypertension-intake-preview.png: 616.2 KB
  handouts/hypertension-intake.pdf: 1544.8 KB
  handouts/hypertension-low-salt-preview.png: 1084.9 KB
  handouts/hypertension-low-salt.pdf: 1105.2 KB
  handouts/ibs-fodmap-diet-preview.png: 2214.3 KB
  handouts/ibs-fodmap-diet.pdf: 8196.1 KB
  handouts/insulin-start-preview.png: 826.5 KB
  handouts/insulin-start.pdf: 978.1 KB
  handouts/iron-deficiency-anemia-diet-preview.png: 1307.3 KB
  handouts/iron-deficiency-anemia-diet.pdf: 1147.7 KB
  handouts/iron-supplement-preview.png: 1005.6 KB
  handouts/iron-supplement.pdf: 761.6 KB
  handouts/joint-supplements-preview.png: 893.6 KB
  handouts/joint-supplements.pdf: 719.0 KB
  handouts/liver-enzyme-fatty-liver-preview.png: 627.2 KB
  handouts/liver-enzyme-fatty-liver.pdf: 719.9 KB
  handouts/magnesium-rich-foods-preview.png: 1623.1 KB
  handouts/magnesium-rich-foods.pdf: 2244.6 KB
  handouts/mbp-bone-joint-evidence-preview.png: 1128.3 KB
  handouts/mbp-bone-joint-evidence.pdf: 1018.4 KB
  handouts/migraine-preview.png: 736.4 KB
  handouts/migraine.pdf: 836.4 KB
  handouts/nasal-spray-allergic-rhinitis-preview.png: 1478.2 KB
  handouts/nasal-spray-allergic-rhinitis.pdf: 5516.1 KB
  handouts/pneumococcal-adult-2026-preview.png: 1118.2 KB
  handouts/pneumococcal-adult-2026.pdf: 988.5 KB
  handouts/post-colonoscopy-clean-preview.png: 830.8 KB
  handouts/post-colonoscopy-clean.pdf: 1228.4 KB
  handouts/post-colonoscopy-preview.png: 827.5 KB
  handouts/post-colonoscopy.pdf: 828.3 KB
  handouts/post-egd-biopsy-preview.png: 867.5 KB
  handouts/post-egd-biopsy.pdf: 733.3 KB
  handouts/post-egd-clean-preview.png: 811.1 KB
  handouts/post-egd-clean.pdf: 1181.3 KB
  handouts/post-egd-preview.png: 832.1 KB
  handouts/post-egd.pdf: 807.2 KB
  handouts/post-polypectomy-clinic-preview.png: 695.5 KB
  handouts/post-polypectomy-clinic.pdf: 710.8 KB
  handouts/post-polypectomy-pdf-render.png: 676.2 KB
  handouts/post-polypectomy-preview.png: 903.2 KB
  handouts/post-polypectomy-qa-report.md: 3.7 KB
  handouts/post-polypectomy-screenshot.png: 388.7 KB
  handouts/post-polypectomy.pdf: 719.3 KB
  handouts/post-vaccination-precautions-preview.png: 1249.8 KB
  handouts/post-vaccination-precautions.pdf: 1139.1 KB
  handouts/pulmonary-function-test-prep-preview.png: 763.6 KB
  handouts/pulmonary-function-test-prep.pdf: 761.3 KB
  handouts/sglt2-precautions-preview.png: 887.0 KB
  handouts/sglt2-precautions.pdf: 930.9 KB
  handouts/shingles-adult-2026-preview.png: 1309.2 KB
  handouts/shingles-adult-2026.pdf: 1047.3 KB
  handouts/statin-ldl-strength-preview.png: 566.6 KB
  handouts/statin-ldl-strength.pdf: 780.2 KB
  handouts/stomach-supplements-evidence-preview.png: 1069.2 KB
  handouts/stomach-supplements-evidence.pdf: 2879.4 KB
=== Failures (deploy continues for successful items) ===
  ✗ decks/glp1-blood-pressure-clinician: house-style blocking → [deck_structure_mixed] deck: v1/v2 슬라이드 루트 혼합은 허용되지 않음; [deck_logo_missing] deck: 헤더 로고 없는 슬라이드 [2, 3, 4, 5, 6, 7, 8, 9, 10, 11, 12, 13, 14]; [deck_page_number] deck: 페이지 번호 형식이 아닌 슬라이드 [2, 3, 4, 5, 6, 7, 8, 9, 10, 11, 12, 13, 14]
::error::build failure: decks/glp1-blood-pressure-clinician: house-style blocking → [deck_structure_mixed] deck: v1/v2 슬라이드 루트 혼합은 허용되지 않음; [deck_logo_missing] deck: 헤더 로고 없는 슬라이드 [2, 3, 4, 5, 6, 7, 8, 9, 10, 11, 12, 13, 14]; [deck_page_number] deck: 페이지 번호 형식이 아닌 슬라이드 [2, 3, 4, 5, 6, 7, 8, 9, 10, 11, 12, 13, 14]
::error::--strict: 1 prepare/render 실패 — 배포 차단
  handouts/symbicort-inhaler-technique-preview.png: 6829.6 KB
  handouts/symbicort-inhaler-technique.pdf: 1119.5 KB
  handouts/thyroid-function-preview.png: 650.5 KB
  handouts/thyroid-function.pdf: 700.5 KB
  handouts/thyroid-hormone-taking-preview.png: 930.0 KB
  handouts/thyroid-hormone-taking.pdf: 1907.2 KB
  handouts/thyroid-nodule-followup-preview.png: 951.0 KB
  handouts/thyroid-nodule-followup.pdf: 1168.9 KB
  handouts/urine-collection-preview.png: 580.6 KB
  handouts/urine-collection-restroom-preview.png: 739.7 KB
  handouts/urine-collection-restroom.pdf: 735.8 KB
  handouts/urine-collection.pdf: 694.0 KB

=== Notion sync: 1/1 ok (token: secrets-file/keychain) ===

